Performing C++ SOURCE FILE Test CMAKE_HAVE_LIBC_PTHREAD failed with the following output:
Change Dir: /home/ubuntu/Final/Server/build/CMakeFiles/CMakeTmp

Run Build Command(s):/usr/bin/make cmTC_db559/fast && /usr/bin/make -f CMakeFiles/cmTC_db559.dir/build.make CMakeFiles/cmTC_db559.dir/build
make[1]: 디렉터리 '/home/ubuntu/Final/Server/build/CMakeFiles/CMakeTmp' 들어감
Building CXX object CMakeFiles/cmTC_db559.dir/src.cxx.o
/usr/bin/c++    -DCMAKE_HAVE_LIBC_PTHREAD   -std=c++17 -o CMakeFiles/cmTC_db559.dir/src.cxx.o -c /home/ubuntu/Final/Server/build/CMakeFiles/CMakeTmp/src.cxx
Linking CXX executable cmTC_db559
/usr/bin/cmake -E cmake_link_script CMakeFiles/cmTC_db559.dir/link.txt --verbose=1
/usr/bin/c++   -DCMAKE_HAVE_LIBC_PTHREAD    CMakeFiles/cmTC_db559.dir/src.cxx.o  -o cmTC_db559 
/usr/bin/ld: CMakeFiles/cmTC_db559.dir/src.cxx.o: in function `main':
src.cxx:(.text+0x46): undefined reference to `pthread_create'
/usr/bin/ld: src.cxx:(.text+0x52): undefined reference to `pthread_detach'
/usr/bin/ld: src.cxx:(.text+0x63): undefined reference to `pthread_join'
collect2: error: ld returned 1 exit status
make[1]: *** [CMakeFiles/cmTC_db559.dir/build.make:87: cmTC_db559] 오류 1
make[1]: 디렉터리 '/home/ubuntu/Final/Server/build/CMakeFiles/CMakeTmp' 나감
make: *** [Makefile:121: cmTC_db559/fast] 오류 2


Source file was:
#include <pthread.h>

void* test_func(void* data)
{
  return data;
}

int main(void)
{
  pthread_t thread;
  pthread_create(&thread, NULL, test_func, NULL);
  pthread_detach(thread);
  pthread_join(thread, NULL);
  pthread_atfork(NULL, NULL, NULL);
  pthread_exit(NULL);

  return 0;
}

Determining if the function pthread_create exists in the pthreads failed with the following output:
Change Dir: /home/ubuntu/Final/Server/build/CMakeFiles/CMakeTmp

Run Build Command(s):/usr/bin/make cmTC_0c148/fast && /usr/bin/make -f CMakeFiles/cmTC_0c148.dir/build.make CMakeFiles/cmTC_0c148.dir/build
make[1]: 디렉터리 '/home/ubuntu/Final/Server/build/CMakeFiles/CMakeTmp' 들어감
Building CXX object CMakeFiles/cmTC_0c148.dir/CheckFunctionExists.cxx.o
/usr/bin/c++    -DCHECK_FUNCTION_EXISTS=pthread_create   -std=c++17 -o CMakeFiles/cmTC_0c148.dir/CheckFunctionExists.cxx.o -c /home/ubuntu/Final/Server/build/CMakeFiles/CheckLibraryExists/CheckFunctionExists.cxx
Linking CXX executable cmTC_0c148
/usr/bin/cmake -E cmake_link_script CMakeFiles/cmTC_0c148.dir/link.txt --verbose=1
/usr/bin/c++   -DCHECK_FUNCTION_EXISTS=pthread_create    CMakeFiles/cmTC_0c148.dir/CheckFunctionExists.cxx.o  -o cmTC_0c148  -lpthreads 
/usr/bin/ld: cannot find -lpthreads
collect2: error: ld returned 1 exit status
make[1]: *** [CMakeFiles/cmTC_0c148.dir/build.make:87: cmTC_0c148] 오류 1
make[1]: 디렉터리 '/home/ubuntu/Final/Server/build/CMakeFiles/CMakeTmp' 나감
make: *** [Makefile:121: cmTC_0c148/fast] 오류 2



